EN adder NULL //mac/home/Desktop/malikeh/UT-Courses/CAD/CAD-CA3/CA3/adder.vhd sub00/vhpl02 1543595648
EN accumulator NULL //mac/home/Desktop/malikeh/UT-Courses/CAD/CAD-CA3/CA3/accumulator.vhd sub00/vhpl06 1543603993
EN neuron_controller NULL //mac/home/Desktop/malikeh/UT-Courses/CAD/CAD-CA3/CA3/neuron_controlle.vhd sub00/vhpl08 1543605349
EN neuron_dp NULL //mac/home/Desktop/malikeh/UT-Courses/CAD/CAD-CA3/CA3/neuron_dp.vhd sub00/vhpl00 1543602757
EN activation NULL //mac/home/Desktop/malikeh/UT-Courses/CAD/CAD-CA3/CA3/activation.vhd sub00/vhpl10 1543613539
AR activation behavioral //mac/home/Desktop/malikeh/UT-Courses/CAD/CAD-CA3/CA3/activation.vhd sub00/vhpl11 1543613381
EN multiplier NULL //mac/home/Desktop/malikeh/UT-Courses/CAD/CAD-CA3/CA3/multiplier.vhd sub00/vhpl04 1543609454
EN activation_function NULL //mac/home/Desktop/malikeh/UT-Courses/CAD/CAD-CA3/CA3/activation.vhd sub00/vhpl12 1543615092
AR multiplier behavioral //mac/home/Desktop/malikeh/UT-Courses/CAD/CAD-CA3/CA3/multiplier.vhd sub00/vhpl05 1543609455
AR accumulator behavioral //mac/home/Desktop/malikeh/UT-Courses/CAD/CAD-CA3/CA3/accumulator.vhd sub00/vhpl07 1543603994
AR adder behavioral //mac/home/Desktop/malikeh/UT-Courses/CAD/CAD-CA3/CA3/adder.vhd sub00/vhpl03 1543595649
AR neuron_dp behavioral //mac/home/Desktop/malikeh/UT-Courses/CAD/CAD-CA3/CA3/neuron_dp.vhd sub00/vhpl01 1543602758
AR neuron_controller behavioral //mac/home/Desktop/malikeh/UT-Courses/CAD/CAD-CA3/CA3/neuron_controlle.vhd sub00/vhpl09 1543605350
