EN adder NULL //mac/home/Documents/UNI/CAD/CA3/CA3/adder.vhd sub00/vhpl02 1543684418
EN select_input NULL //mac/home/Documents/UNI/CAD/CA3/CA3/select_input.vhd sub00/vhpl13 1543684414
AR neuron behavioral //mac/home/Documents/UNI/CAD/CA3/CA3/neuron.vhd sub00/vhpl17 1543684429
EN neuron NULL //mac/home/Documents/UNI/CAD/CA3/CA3/neuron.vhd sub00/vhpl16 1543684428
EN accumulator NULL //mac/home/Documents/UNI/CAD/CA3/CA3/accumulator.vhd sub00/vhpl06 1543684420
AR activation_function behavioral //mac/home/Documents/UNI/CAD/CA3/CA3/activation.vhd sub00/vhpl15 1543684423
EN neuron_controller NULL //mac/home/Documents/UNI/CAD/CA3/CA3/neuron_controlle.vhd sub00/vhpl08 1543684424
EN neuron_dp NULL //mac/home/Documents/UNI/CAD/CA3/CA3/neuron_dp.vhd sub00/vhpl00 1543684426
EN activation NULL //mac/home/Desktop/malikeh/UT-Courses/CAD/CAD-CA3/CA3/activation.vhd sub00/vhpl10 1543613539
AR activation behavioral //mac/home/Desktop/malikeh/UT-Courses/CAD/CAD-CA3/CA3/activation.vhd sub00/vhpl11 1543613381
EN multiplier NULL //mac/home/Documents/UNI/CAD/CA3/CA3/multiplier.vhd sub00/vhpl04 1543684416
EN activation_function NULL //mac/home/Documents/UNI/CAD/CA3/CA3/activation.vhd sub00/vhpl12 1543684422
AR multiplier behavioral //mac/home/Documents/UNI/CAD/CA3/CA3/multiplier.vhd sub00/vhpl05 1543684417
AR accumulator behavioral //mac/home/Documents/UNI/CAD/CA3/CA3/accumulator.vhd sub00/vhpl07 1543684421
AR adder behavioral //mac/home/Documents/UNI/CAD/CA3/CA3/adder.vhd sub00/vhpl03 1543684419
AR neuron_dp behavioral //mac/home/Documents/UNI/CAD/CA3/CA3/neuron_dp.vhd sub00/vhpl01 1543684427
AR neuron_controller behavioral //mac/home/Documents/UNI/CAD/CA3/CA3/neuron_controlle.vhd sub00/vhpl09 1543684425
AR select_input behavioral //mac/home/Documents/UNI/CAD/CA3/CA3/select_input.vhd sub00/vhpl14 1543684415
